2026.03.24 11:44:09 INFO  Started: Metals version 1.6.6 in folders 'E:\HackV\backend\backend' for client Visual Studio Code 1.112.0.
2026.03.24 11:44:09 INFO  Memory monitor started
2026.03.24 11:44:11 WARN  Using H2 2.4.240 which is newer than the version Flyway has been verified with. The latest verified version of H2 is 2.3.232.
2026.03.24 11:44:11 INFO  no build target found for E:\HackV\backend\backend\src\main\java\com\citizensync\backend\controller\AuthController.java. Using fallback presentation compiler.
2026.03.24 11:44:12 INFO  no build target found for E:\HackV\backend\backend\src\main\java\com\citizensync\backend\controller\AuthController.java. Using fallback presentation compiler.
2026.03.24 11:44:14 INFO  no build target found for E:\HackV\backend\backend\src\main\java\com\citizensync\backend\controller\AuthController.java. Using fallback presentation compiler.
Mar 24, 2026 11:44:14 AM org.eclipse.lsp4j.jsonrpc.RemoteEndpoint handleCancellation
WARNING: Unmatched cancel notification for request id 7
2026.03.24 11:44:16 WARN  no build target for: E:\HackV\backend\backend\src\main\java\com\citizensync\backend\controller\AuthController.java
2026.03.24 11:44:16 WARN  no build target for: E:\HackV\backend\backend\src\main\java\com\citizensync\backend\config\SecurityConfig.java
2026.03.24 11:44:16 INFO  no build target found for E:\HackV\backend\backend\src\main\java\com\citizensync\backend\controller\AuthController.java. Using fallback presentation compiler.
2026.03.24 11:44:18 INFO  no build target found for E:\HackV\backend\backend\src\main\java\com\citizensync\backend\controller\AuthController.java. Using fallback presentation compiler.
2026.03.24 11:46:08 WARN  no build target for: E:\HackV\backend\backend\src\main\java\com\citizensync\backend\service\AuthService.java
2026.03.24 11:46:08 WARN  no build target for: E:\HackV\backend\backend\src\main\java\com\citizensync\backend\repository\UserRepository.java
2026.03.24 11:46:08 WARN  no build target for: E:\HackV\backend\backend\src\main\java\com\citizensync\backend\entity\User.java
2026.03.24 11:46:08 WARN  no build target for: E:\HackV\backend\backend\src\main\java\com\citizensync\backend\dto\RegisterRequest.java
2026.03.24 11:46:08 INFO  no build target found for E:\HackV\backend\backend\src\main\java\com\citizensync\backend\controller\AuthController.java. Using fallback presentation compiler.
2026.03.24 11:46:20 INFO  no build target found for E:\HackV\backend\backend\src\main\java\com\citizensync\backend\controller\AuthController.java. Using fallback presentation compiler.
2026.03.24 11:46:20 INFO  Created report: Optional[file:///E:/HackV/backend/backend/src/main/java/com/citizensync/backend/controller/AuthController.java]
2026.03.24 11:46:20 INFO  empty definition using pc, found symbol in pc: com/citizensync/backend/dto/RegisterRequest# (full report at: "E:\HackV\backend\backend\.metals\.reports\metals-full\2026-03-24\r_empty-definition_11-46-20-440.md")
2026.03.24 11:46:21 WARN  no build target for: E:\HackV\backend\backend\src\main\java\com\citizensync\backend\dto\LoginRequest.java
2026.03.24 11:46:21 WARN  no build target for: E:\HackV\backend\backend\src\main\java\com\citizensync\backend\exception\GlobalExceptionHandler.java
2026.03.24 11:46:21 INFO  no build target found for E:\HackV\backend\backend\src\main\java\com\citizensync\backend\controller\AuthController.java. Using fallback presentation compiler.
2026.03.24 11:46:32 INFO  no build target found for E:\HackV\backend\backend\src\main\java\com\citizensync\backend\controller\AuthController.java. Using fallback presentation compiler.
2026.03.24 11:46:32 INFO  Created report: Optional[file:///E:/HackV/backend/backend/src/main/java/com/citizensync/backend/controller/AuthController.java]
2026.03.24 11:46:32 INFO  empty definition using pc, found symbol in pc: com/citizensync/backend/service/AuthService# (full report at: "E:\HackV\backend\backend\.metals\.reports\metals-full\2026-03-24\r_empty-definition_11-46-32-596.md")
2026.03.24 11:46:32 INFO  no build target found for E:\HackV\backend\backend\src\main\java\com\citizensync\backend\controller\AuthController.java. Using fallback presentation compiler.
2026.03.24 11:46:35 INFO  no build target found for E:\HackV\backend\backend\src\main\java\com\citizensync\backend\service\AuthService.java. Using fallback presentation compiler.
2026.03.24 11:46:35 WARN  no build target for: E:\HackV\backend\backend\src\main\java\com\citizensync\backend\service\AuthService.java
2026.03.24 11:46:35 INFO  no build target found for E:\HackV\backend\backend\src\main\java\com\citizensync\backend\controller\AuthController.java. Using fallback presentation compiler.
2026.03.24 11:46:36 INFO  no build target found for E:\HackV\backend\backend\src\main\java\com\citizensync\backend\controller\AuthController.java. Using fallback presentation compiler.
2026.03.24 11:46:43 INFO  no build target found for E:\HackV\backend\backend\src\main\java\com\citizensync\backend\controller\AuthController.java. Using fallback presentation compiler.
2026.03.24 11:46:43 INFO  no build target found for E:\HackV\backend\backend\src\main\java\com\citizensync\backend\controller\AuthController.java. Using fallback presentation compiler.
2026.03.24 11:46:43 WARN  no build target for: E:\HackV\backend\backend\src\main\java\com\citizensync\backend\controller\AuthController.java
2026.03.24 11:46:43 INFO  no build target found for E:\HackV\backend\backend\src\main\java\com\citizensync\backend\controller\AuthController.java. Using fallback presentation compiler.
2026.03.24 11:46:43 INFO  no build target found for E:\HackV\backend\backend\src\main\java\com\citizensync\backend\controller\AuthController.java. Using fallback presentation compiler.
2026.03.24 11:46:43 INFO  no build target found for E:\HackV\backend\backend\src\main\java\com\citizensync\backend\controller\AuthController.java. Using fallback presentation compiler.
2026.03.24 11:46:47 INFO  no build target found for E:\HackV\backend\backend\src\main\java\com\citizensync\backend\service\AuthService.java. Using fallback presentation compiler.
2026.03.24 11:46:47 WARN  no build target for: E:\HackV\backend\backend\src\main\java\com\citizensync\backend\service\AuthService.java
2026.03.24 11:46:47 INFO  no build target found for E:\HackV\backend\backend\src\main\java\com\citizensync\backend\service\AuthService.java. Using fallback presentation compiler.
2026.03.24 11:46:47 WARN  no build target for: E:\HackV\backend\backend\src\main\java\com\citizensync\backend\controller\AuthController.java
2026.03.24 11:46:47 INFO  no build target found for E:\HackV\backend\backend\src\main\java\com\citizensync\backend\service\AuthService.java. Using fallback presentation compiler.
2026.03.24 11:46:53 WARN  no build target for: E:\HackV\backend\backend\src\main\java\com\citizensync\backend\service\AuthService.java
2026.03.24 11:46:53 INFO  no build target found for E:\HackV\backend\backend\src\main\java\com\citizensync\backend\service\AuthService.java. Using fallback presentation compiler.
2026.03.24 11:49:08 INFO  no build target found for E:\HackV\backend\backend\src\main\java\com\citizensync\backend\dto\RegisterRequest.java. Using fallback presentation compiler.
2026.03.24 11:49:08 INFO  no build target found for E:\HackV\backend\backend\src\main\java\com\citizensync\backend\repository\UserRepository.java. Using fallback presentation compiler.
2026.03.24 11:49:08 INFO  no build target found for E:\HackV\backend\backend\src\main\java\com\citizensync\backend\entity\User.java. Using fallback presentation compiler.
2026.03.24 11:49:21 INFO  no build target found for E:\HackV\backend\backend\src\main\java\com\citizensync\backend\dto\LoginRequest.java. Using fallback presentation compiler.
2026.03.24 11:49:21 INFO  no build target found for E:\HackV\backend\backend\src\main\java\com\citizensync\backend\exception\GlobalExceptionHandler.java. Using fallback presentation compiler.
2026.03.24 12:02:57 WARN  no build target for: E:\HackV\backend\backend\src\main\java\com\citizensync\backend\security\JwtFilter.java
2026.03.24 12:02:57 INFO  no build target found for E:\HackV\backend\backend\src\main\java\com\citizensync\backend\service\AuthService.java. Using fallback presentation compiler.
2026.03.24 12:03:14 WARN  no build target for: E:\HackV\backend\backend\src\main\java\com\citizensync\backend\security\JwtUtil.java
2026.03.24 12:03:14 INFO  no build target found for E:\HackV\backend\backend\src\main\java\com\citizensync\backend\service\AuthService.java. Using fallback presentation compiler.
2026.03.24 12:05:57 INFO  no build target found for E:\HackV\backend\backend\src\main\java\com\citizensync\backend\security\JwtFilter.java. Using fallback presentation compiler.
2026.03.24 12:06:14 INFO  no build target found for E:\HackV\backend\backend\src\main\java\com\citizensync\backend\security\JwtUtil.java. Using fallback presentation compiler.
2026.03.24 12:41:25 INFO  no build target found for E:\HackV\backend\backend\src\main\java\com\citizensync\backend\service\AuthService.java. Using fallback presentation compiler.
2026.03.24 12:41:26 INFO  no build target found for E:\HackV\backend\backend\src\main\java\com\citizensync\backend\service\AuthService.java. Using fallback presentation compiler.
2026.03.24 12:41:26 INFO  no build target found for E:\HackV\backend\backend\src\main\java\com\citizensync\backend\service\AuthService.java. Using fallback presentation compiler.
2026.03.24 12:41:26 INFO  no build target found for E:\HackV\backend\backend\src\main\java\com\citizensync\backend\service\AuthService.java. Using fallback presentation compiler.
2026.03.24 12:41:26 WARN  no build target for: E:\HackV\backend\backend\src\main\java\com\citizensync\backend\service\AuthService.java
2026.03.24 12:41:26 INFO  no build target found for E:\HackV\backend\backend\src\main\java\com\citizensync\backend\service\AuthService.java. Using fallback presentation compiler.
2026.03.24 12:41:27 INFO  no build target found for E:\HackV\backend\backend\src\main\java\com\citizensync\backend\service\AuthService.java. Using fallback presentation compiler.
2026.03.24 12:41:27 INFO  no build target found for E:\HackV\backend\backend\src\main\java\com\citizensync\backend\service\AuthService.java. Using fallback presentation compiler.
2026.03.24 12:41:27 INFO  no build target found for E:\HackV\backend\backend\src\main\java\com\citizensync\backend\service\AuthService.java. Using fallback presentation compiler.
2026.03.24 12:41:28 INFO  no build target found for E:\HackV\backend\backend\src\main\java\com\citizensync\backend\service\AuthService.java. Using fallback presentation compiler.
2026.03.24 12:41:27 INFO  no build target found for E:\HackV\backend\backend\src\main\java\com\citizensync\backend\service\AuthService.java. Using fallback presentation compiler.
2026.03.24 12:41:28 INFO  no build target found for E:\HackV\backend\backend\src\main\java\com\citizensync\backend\service\AuthService.java. Using fallback presentation compiler.
2026.03.24 12:41:28 WARN  no build target for: E:\HackV\backend\backend\src\main\java\com\citizensync\backend\service\AuthService.java
2026.03.24 12:41:29 INFO  no build target found for E:\HackV\backend\backend\src\main\java\com\citizensync\backend\service\AuthService.java. Using fallback presentation compiler.
2026.03.24 12:41:31 INFO  no build target found for E:\HackV\backend\backend\src\main\java\com\citizensync\backend\service\AuthService.java. Using fallback presentation compiler.
2026.03.24 12:41:31 INFO  no build target found for E:\HackV\backend\backend\src\main\java\com\citizensync\backend\service\AuthService.java. Using fallback presentation compiler.
2026.03.24 12:41:31 INFO  no build target found for E:\HackV\backend\backend\src\main\java\com\citizensync\backend\service\AuthService.java. Using fallback presentation compiler.
2026.03.24 12:41:32 INFO  no build target found for E:\HackV\backend\backend\src\main\java\com\citizensync\backend\service\AuthService.java. Using fallback presentation compiler.
2026.03.24 12:41:31 INFO  no build target found for E:\HackV\backend\backend\src\main\java\com\citizensync\backend\service\AuthService.java. Using fallback presentation compiler.
2026.03.24 12:41:32 INFO  no build target found for E:\HackV\backend\backend\src\main\java\com\citizensync\backend\service\AuthService.java. Using fallback presentation compiler.
2026.03.24 12:41:32 INFO  no build target found for E:\HackV\backend\backend\src\main\java\com\citizensync\backend\service\AuthService.java. Using fallback presentation compiler.
2026.03.24 12:41:32 INFO  no build target found for E:\HackV\backend\backend\src\main\java\com\citizensync\backend\service\AuthService.java. Using fallback presentation compiler.
2026.03.24 12:41:32 INFO  no build target found for E:\HackV\backend\backend\src\main\java\com\citizensync\backend\service\AuthService.java. Using fallback presentation compiler.
2026.03.24 12:41:32 INFO  no build target found for E:\HackV\backend\backend\src\main\java\com\citizensync\backend\service\AuthService.java. Using fallback presentation compiler.
2026.03.24 12:41:32 INFO  no build target found for E:\HackV\backend\backend\src\main\java\com\citizensync\backend\service\AuthService.java. Using fallback presentation compiler.
2026.03.24 12:41:32 INFO  no build target found for E:\HackV\backend\backend\src\main\java\com\citizensync\backend\service\AuthService.java. Using fallback presentation compiler.
2026.03.24 12:41:33 INFO  no build target found for E:\HackV\backend\backend\src\main\java\com\citizensync\backend\service\AuthService.java. Using fallback presentation compiler.
2026.03.24 12:41:33 INFO  no build target found for E:\HackV\backend\backend\src\main\java\com\citizensync\backend\service\AuthService.java. Using fallback presentation compiler.
2026.03.24 12:41:33 INFO  no build target found for E:\HackV\backend\backend\src\main\java\com\citizensync\backend\service\AuthService.java. Using fallback presentation compiler.
2026.03.24 12:41:33 INFO  no build target found for E:\HackV\backend\backend\src\main\java\com\citizensync\backend\service\AuthService.java. Using fallback presentation compiler.
2026.03.24 12:41:33 INFO  no build target found for E:\HackV\backend\backend\src\main\java\com\citizensync\backend\service\AuthService.java. Using fallback presentation compiler.
2026.03.24 12:41:33 INFO  no build target found for E:\HackV\backend\backend\src\main\java\com\citizensync\backend\service\AuthService.java. Using fallback presentation compiler.
2026.03.24 12:41:33 INFO  no build target found for E:\HackV\backend\backend\src\main\java\com\citizensync\backend\service\AuthService.java. Using fallback presentation compiler.
2026.03.24 12:41:34 INFO  no build target found for E:\HackV\backend\backend\src\main\java\com\citizensync\backend\service\AuthService.java. Using fallback presentation compiler.
2026.03.24 12:41:34 INFO  no build target found for E:\HackV\backend\backend\src\main\java\com\citizensync\backend\service\AuthService.java. Using fallback presentation compiler.
2026.03.24 12:41:34 INFO  no build target found for E:\HackV\backend\backend\src\main\java\com\citizensync\backend\service\AuthService.java. Using fallback presentation compiler.
2026.03.24 12:41:35 INFO  no build target found for E:\HackV\backend\backend\src\main\java\com\citizensync\backend\service\AuthService.java. Using fallback presentation compiler.
2026.03.24 12:41:34 INFO  no build target found for E:\HackV\backend\backend\src\main\java\com\citizensync\backend\service\AuthService.java. Using fallback presentation compiler.
2026.03.24 12:41:35 INFO  no build target found for E:\HackV\backend\backend\src\main\java\com\citizensync\backend\service\AuthService.java. Using fallback presentation compiler.
2026.03.24 12:41:34 INFO  no build target found for E:\HackV\backend\backend\src\main\java\com\citizensync\backend\service\AuthService.java. Using fallback presentation compiler.
2026.03.24 12:41:35 INFO  no build target found for E:\HackV\backend\backend\src\main\java\com\citizensync\backend\service\AuthService.java. Using fallback presentation compiler.
2026.03.24 12:41:35 INFO  no build target found for E:\HackV\backend\backend\src\main\java\com\citizensync\backend\service\AuthService.java. Using fallback presentation compiler.
2026.03.24 12:41:35 INFO  no build target found for E:\HackV\backend\backend\src\main\java\com\citizensync\backend\service\AuthService.java. Using fallback presentation compiler.
2026.03.24 12:41:35 INFO  no build target found for E:\HackV\backend\backend\src\main\java\com\citizensync\backend\service\AuthService.java. Using fallback presentation compiler.
2026.03.24 12:41:36 INFO  no build target found for E:\HackV\backend\backend\src\main\java\com\citizensync\backend\service\AuthService.java. Using fallback presentation compiler.
2026.03.24 12:41:35 INFO  no build target found for E:\HackV\backend\backend\src\main\java\com\citizensync\backend\service\AuthService.java. Using fallback presentation compiler.
2026.03.24 12:41:37 INFO  no build target found for E:\HackV\backend\backend\src\main\java\com\citizensync\backend\service\AuthService.java. Using fallback presentation compiler.
2026.03.24 12:41:37 INFO  no build target found for E:\HackV\backend\backend\src\main\java\com\citizensync\backend\service\AuthService.java. Using fallback presentation compiler.
2026.03.24 12:41:37 INFO  no build target found for E:\HackV\backend\backend\src\main\java\com\citizensync\backend\service\AuthService.java. Using fallback presentation compiler.
2026.03.24 12:41:37 INFO  no build target found for E:\HackV\backend\backend\src\main\java\com\citizensync\backend\service\AuthService.java. Using fallback presentation compiler.
2026.03.24 12:41:37 INFO  no build target found for E:\HackV\backend\backend\src\main\java\com\citizensync\backend\service\AuthService.java. Using fallback presentation compiler.
2026.03.24 12:41:37 INFO  no build target found for E:\HackV\backend\backend\src\main\java\com\citizensync\backend\service\AuthService.java. Using fallback presentation compiler.
2026.03.24 12:41:37 INFO  no build target found for E:\HackV\backend\backend\src\main\java\com\citizensync\backend\service\AuthService.java. Using fallback presentation compiler.
2026.03.24 12:41:38 INFO  no build target found for E:\HackV\backend\backend\src\main\java\com\citizensync\backend\service\AuthService.java. Using fallback presentation compiler.
2026.03.24 12:41:38 INFO  no build target found for E:\HackV\backend\backend\src\main\java\com\citizensync\backend\service\AuthService.java. Using fallback presentation compiler.
2026.03.24 12:41:38 INFO  no build target found for E:\HackV\backend\backend\src\main\java\com\citizensync\backend\service\AuthService.java. Using fallback presentation compiler.
2026.03.24 12:41:38 INFO  no build target found for E:\HackV\backend\backend\src\main\java\com\citizensync\backend\service\AuthService.java. Using fallback presentation compiler.
2026.03.24 12:41:38 INFO  no build target found for E:\HackV\backend\backend\src\main\java\com\citizensync\backend\service\AuthService.java. Using fallback presentation compiler.
2026.03.24 12:41:38 INFO  no build target found for E:\HackV\backend\backend\src\main\java\com\citizensync\backend\service\AuthService.java. Using fallback presentation compiler.
2026.03.24 12:41:38 INFO  no build target found for E:\HackV\backend\backend\src\main\java\com\citizensync\backend\service\AuthService.java. Using fallback presentation compiler.
2026.03.24 12:41:38 INFO  no build target found for E:\HackV\backend\backend\src\main\java\com\citizensync\backend\service\AuthService.java. Using fallback presentation compiler.
2026.03.24 12:41:39 INFO  no build target found for E:\HackV\backend\backend\src\main\java\com\citizensync\backend\service\AuthService.java. Using fallback presentation compiler.
2026.03.24 12:41:39 INFO  no build target found for E:\HackV\backend\backend\src\main\java\com\citizensync\backend\service\AuthService.java. Using fallback presentation compiler.
2026.03.24 12:41:39 INFO  no build target found for E:\HackV\backend\backend\src\main\java\com\citizensync\backend\service\AuthService.java. Using fallback presentation compiler.
2026.03.24 12:41:40 INFO  no build target found for E:\HackV\backend\backend\src\main\java\com\citizensync\backend\service\AuthService.java. Using fallback presentation compiler.
2026.03.24 12:41:39 INFO  no build target found for E:\HackV\backend\backend\src\main\java\com\citizensync\backend\service\AuthService.java. Using fallback presentation compiler.
2026.03.24 12:41:39 INFO  no build target found for E:\HackV\backend\backend\src\main\java\com\citizensync\backend\service\AuthService.java. Using fallback presentation compiler.
2026.03.24 12:41:40 INFO  no build target found for E:\HackV\backend\backend\src\main\java\com\citizensync\backend\service\AuthService.java. Using fallback presentation compiler.
2026.03.24 12:41:41 INFO  no build target found for E:\HackV\backend\backend\src\main\java\com\citizensync\backend\service\AuthService.java. Using fallback presentation compiler.
2026.03.24 12:41:41 INFO  no build target found for E:\HackV\backend\backend\src\main\java\com\citizensync\backend\service\AuthService.java. Using fallback presentation compiler.
2026.03.24 12:41:41 INFO  no build target found for E:\HackV\backend\backend\src\main\java\com\citizensync\backend\service\AuthService.java. Using fallback presentation compiler.
2026.03.24 12:41:41 INFO  no build target found for E:\HackV\backend\backend\src\main\java\com\citizensync\backend\service\AuthService.java. Using fallback presentation compiler.
2026.03.24 12:41:41 INFO  no build target found for E:\HackV\backend\backend\src\main\java\com\citizensync\backend\service\AuthService.java. Using fallback presentation compiler.
2026.03.24 12:41:42 INFO  no build target found for E:\HackV\backend\backend\src\main\java\com\citizensync\backend\service\AuthService.java. Using fallback presentation compiler.
2026.03.24 12:41:42 INFO  no build target found for E:\HackV\backend\backend\src\main\java\com\citizensync\backend\service\AuthService.java. Using fallback presentation compiler.
2026.03.24 12:41:42 INFO  no build target found for E:\HackV\backend\backend\src\main\java\com\citizensync\backend\service\AuthService.java. Using fallback presentation compiler.
2026.03.24 12:41:42 INFO  no build target found for E:\HackV\backend\backend\src\main\java\com\citizensync\backend\service\AuthService.java. Using fallback presentation compiler.
Mar 24, 2026 12:41:42 PM org.eclipse.lsp4j.jsonrpc.RemoteEndpoint handleCancellation
WARNING: Unmatched cancel notification for request id 171
2026.03.24 12:41:42 INFO  no build target found for E:\HackV\backend\backend\src\main\java\com\citizensync\backend\service\AuthService.java. Using fallback presentation compiler.
2026.03.24 12:41:42 INFO  no build target found for E:\HackV\backend\backend\src\main\java\com\citizensync\backend\service\AuthService.java. Using fallback presentation compiler.
2026.03.24 12:41:43 INFO  no build target found for E:\HackV\backend\backend\src\main\java\com\citizensync\backend\service\AuthService.java. Using fallback presentation compiler.
2026.03.24 12:41:44 WARN  no build target for: E:\HackV\backend\backend\src\main\java\com\citizensync\backend\service\AuthService.java
2026.03.24 12:41:44 INFO  no build target found for E:\HackV\backend\backend\src\main\java\com\citizensync\backend\service\AuthService.java. Using fallback presentation compiler.
2026.03.25 12:35:02 INFO  no build target found for E:\HackV\backend\backend\src\main\java\com\citizensync\backend\service\AuthService.java. Using fallback presentation compiler.
2026.03.25 12:35:03 INFO  no build target found for E:\HackV\backend\backend\src\main\java\com\citizensync\backend\service\AuthService.java. Using fallback presentation compiler.
2026.03.25 12:35:04 WARN  no build target for: E:\HackV\backend\backend\src\main\java\com\citizensync\backend\service\AuthService.java
2026.03.25 12:35:05 INFO  no build target found for E:\HackV\backend\backend\src\main\java\com\citizensync\backend\service\AuthService.java. Using fallback presentation compiler.
2026.03.25 12:35:05 INFO  time: code lens generation in 2.42s
2026.03.25 12:36:10 INFO  no build target found for E:\HackV\backend\backend\src\main\java\com\citizensync\backend\service\AuthService.java. Using fallback presentation compiler.
2026.03.25 12:36:19 INFO  Shutting down server
2026.03.25 12:36:19 INFO  Memory monitor stopped
2026.03.25 12:36:19 INFO  shutting down Metals
2026.03.25 12:36:19 INFO  Exiting server
